FILA 1 EVENTOS 2 IMPACTO 27187 RACHA 2 INICIO 1
FILA 2 EVENTOS 0 IMPACTO 0 RACHA 0 INICIO 0
FILA 3 EVENTOS 0 IMPACTO 0 RACHA 0 INICIO 0
FILA 4 EVENTOS 0 IMPACTO 0 RACHA 0 INICIO 0
FILA 5 EVENTOS 0 IMPACTO 0 RACHA 0 INICIO 0
FILA 6 EVENTOS 0 IMPACTO 0 RACHA 0 INICIO 0
FILA 7 EVENTOS 0 IMPACTO 0 RACHA 0 INICIO 0
FILA 8 EVENTOS 0 IMPACTO 0 RACHA 0 INICIO 0
FILA 9 EVENTOS 0 IMPACTO 0 RACHA 0 INICIO 0
FILA 10 EVENTOS 0 IMPACTO 0 RACHA 0 INICIO 0
FILA 11 EVENTOS 0 IMPACTO 0 RACHA 0 INICIO 0
FILA 12 EVENTOS 0 IMPACTO 0 RACHA 0 INICIO 0
FILA 13 EVENTOS 0 IMPACTO 0 RACHA 0 INICIO 0
FILA 14 EVENTOS 1 IMPACTO 14679 RACHA 1 INICIO 29
FILA 15 EVENTOS 2 IMPACTO 29140 RACHA 2 INICIO 27
FILA 16 EVENTOS 2 IMPACTO 28922 RACHA 2 INICIO 25
FILA 17 EVENTOS 2 IMPACTO 28704 RACHA 2 INICIO 23
FILA 18 EVENTOS 2 IMPACTO 28486 RACHA 2 INICIO 21
FILA 19 EVENTOS 2 IMPACTO 28268 RACHA 2 INICIO 19
FILA 20 EVENTOS 2 IMPACTO 28050 RACHA 2 INICIO 17
FILA 21 EVENTOS 2 IMPACTO 27832 RACHA 2 INICIO 15
FILA 22 EVENTOS 2 IMPACTO 27614 RACHA 2 INICIO 13
FILA 23 EVENTOS 2 IMPACTO 27396 RACHA 2 INICIO 11
FILA 24 EVENTOS 2 IMPACTO 27178 RACHA 2 INICIO 9
FILA 25 EVENTOS 2 IMPACTO 26960 RACHA 2 INICIO 7
FILA 26 EVENTOS 2 IMPACTO 26742 RACHA 2 INICIO 5
FILA 27 EVENTOS 1 IMPACTO 13262 RACHA 1 INICIO 4
FILA 28 EVENTOS 1 IMPACTO 13153 RACHA 1 INICIO 2
FILA 29 EVENTOS 0 IMPACTO 0 RACHA 0 INICIO 0
FILA 30 EVENTOS 0 IMPACTO 0 RACHA 0 INICIO 0
COLUMNAS 1 2 0 1 1 1 1 1 1 1 1 1 1 1 1 1 1 1 1 1 1 1 1 1 1 1 1 1 1 0
PRIORIDAD 15
COLUMNA 2
